accepted 1 defmivm.issueAsset
accepted 2 defmivm.issueAsset
accepted 3 defmivm.issueAsset
accepted 4 defmivm.issueAsset
accepted 5 defmivm.issueCSDIssuer
accepted 6 defmivm.issueConfidentialNote
accepted 7 defmivm.issueConfidentialNote
accepted 8 defmivm.issueConfidentialNote
accepted 9 defmivm.issueConfidentialNote
accepted 10 defmivm.issueConfidentialNote
accepted 11 defmivm.issueConfidentialAssetIdentity
accepted 12 defmivm.issueConfidentialAssetIdentity
accepted 13 defmivm.issueGuarantor
accepted 14 defmivm.issueCreditGrant
accepted 15 defmivm.issueCreditGrant
accepted 16 defmivm.issueApplicationReserveScope
accepted 17 defmivm.issueConfidentialNoteReservation
accepted 18 defmivm.issueConfidentialNoteReservation
accepted 19 defmivm.issueCreditGrant
accepted 20 defmivm.issueConfidentialNoteReservation
accepted 21 defmivm.issueCreditGrant
accepted 22 defmivm.issueConfidentialNoteReservation
accepted 23 defmivm.issueApplicationNoteRelease
rejected signed-invalid-asset-link: confidential asset membership/link proof failed
rejected signed-substituted-asset: confidential asset membership/link proof failed
rejected signed-invalid-value-link: confidential value link failed
rejected changed-recipient-ciphertext: application fill committee signature is invalid
rejected confidential-fill-on-legacy-endpoint: application fill endpoint differs from the reservation privacy version
accepted 24 defmivm.issueConfidentialNoteFill
rejected fill-replay: transaction CkscUahTL9NaP1fKjbqQy31rJdXyrL8z5mZAfHZXTz62Ge9EC was already applied
accepted 25 defmivm.issueConfidentialNoteFill
waiting for native consensus time to pass reservation expiry 1789162452
accepted 26 defmivm.issueApplicationNoteRelease
accepted 27 defmivm.issueApplicationNoteRelease
accepted 28 defmivm.issueApplicationNoteRelease
accepted 29 defmivm.issueNoteClaimRedemption
rejected claim-replay-183e07845b13e164d04cdfa959247c6d50b7ff211059280aa635b1bf00631ba1: transaction 2bUXWorRngRaNhLafWXFWBTUxSvZ987jBEoda1UyG4yxXndUcK was already applied
accepted 30 defmivm.issueNoteClaimRedemption
rejected claim-replay-32c82281884c71f4e4868c787567b21738c27dcdf30a2e3a4951626dc678ad05: transaction 6sjH2RaJQ1Nuz5yatTwXduiJiZKhP8UXhpkEpm5WoQZ7we5iy was already applied
accepted 31 defmivm.issueNoteClaimRedemption
rejected claim-replay-b1bec39cf5ec1dcd0dbebc2ff4db6bc738f13e7b0aaba9b86458f51a3956f6eb: transaction L9EVUQWL49bjnUN2T3fZCZJsAsPcETaynKcKH1UxR7viWUAdH was already applied
accepted 32 defmivm.issueNoteClaimRedemption
rejected claim-replay-d48d4e152a28680afd10657bbdba21303175cc1f2c24140a2484bec1031a1836: transaction 2tYBeitGCb1ezjnD9tcbTvHGjPauNEcZMfqoi4MM8xFDoThCut was already applied
accepted 33 defmivm.issueNoteClaimRedemption
rejected claim-replay-e0c7d7cacb030f22bf24062f24f9c729145fd9c7a6e8273f875170021430aad1: transaction 2P7deZuX9u6Q2fRaT1RwzTokWqSoyHkppzPj7JUWViFYeyGvvE was already applied
accepted 34 defmivm.issueNoteClaimRedemption
rejected claim-replay-ed5226606bf3e19dd6ab89dc0bbdcf78027690c413128d5bae19fd12947b3201: transaction 2vQJGmgngvZXFVUx6UC9eZ5srLmYSHkh7U9N5uhV3iv3DpGg3V was already applied
accepted 35 defmivm.issueConfidentialNoteTransfer
rejected spent-nullifier-fresh-approval: confidential input is locked or already spent
{"claims":[{"claim_id":"183e07845b13e164d04cdfa959247c6d50b7ff211059280aa635b1bf00631ba1","output_note":"465ce865c56da3da4d0483b393cfb25a354a4bc083a6d8394350c7fb7d24438f","recipient":1},{"claim_id":"32c82281884c71f4e4868c787567b21738c27dcdf30a2e3a4951626dc678ad05","output_note":"8d4704a2510b5772d5a4258474973d8632f11693d97160206d51c1cf8948d02e","recipient":1},{"claim_id":"b1bec39cf5ec1dcd0dbebc2ff4db6bc738f13e7b0aaba9b86458f51a3956f6eb","output_note":"e5d6b927e1ca587b6c4aea049ccd8de6079b7514e80ea73929d4f03c837971fc","recipient":0},{"claim_id":"d48d4e152a28680afd10657bbdba21303175cc1f2c24140a2484bec1031a1836","output_note":"188876ba06b510d8c34e9e24cdcb252ced57b7e452b662eb6b61e71d008d1112","recipient":1},{"claim_id":"e0c7d7cacb030f22bf24062f24f9c729145fd9c7a6e8273f875170021430aad1","output_note":"b3da78ab47e976ddd94c1ffd2b24875a41fb84ba44830d28f6dd5a5d7a4f8ded","recipient":0},{"claim_id":"ed5226606bf3e19dd6ab89dc0bbdcf78027690c413128d5bae19fd12947b3201","output_note":"797ee06834a59e4e186a45149686b347785f99d02ad6b171bdfe61e53ba84ff1","recipient":0}],"elapsed_seconds":137.886968861,"environment":"five live AvalancheGo validators on one remote Linux host; native RPC, real proofs, persisted-block readback and wallet RPC recovery","expected_balances":[[57,600],[53,410]],"final_metric":1,"limitations":["validators on one host","synthetic assets","single-process proof and committee-key construction","private DeKYX approval service not exercised","no matching service invocation","unaudited confidential asset adapter"],"manifest_sha256":"0ea55582838efb8986fdb0428b31d4e3d6a4b55a368894fa91d27c16cf178801","metric_name":"confidential_reserve_fill_expiry_redeem_reuse_balances_match","native_validator_roots":["5ce08e21335e450f33f0980154388b339dd895e532b1804245b2dd337a205122","5ce08e21335e450f33f0980154388b339dd895e532b1804245b2dd337a205122","5ce08e21335e450f33f0980154388b339dd895e532b1804245b2dd337a205122","5ce08e21335e450f33f0980154388b339dd895e532b1804245b2dd337a205122","5ce08e21335e450f33f0980154388b339dd895e532b1804245b2dd337a205122"],"observed_balances":[[57,600],[53,410]],"registered_cohort":{"cash_assets":2,"securities":2,"total":4},"rejected_operations":[{"error":"confidential asset membership/link proof failed","label":"signed-invalid-asset-link","native":{"rejected_transaction":{"reason":"confidential asset membership/link proof failed","status":"rejected","txID":"2jHZ2QhmvskYmKXbn7pCoANaVMXzjS2cjuyBxD3N3HS9rFWP3n"}},"state_root":"871df7428dbffc995b86564181ecc9a8cedf65066029cdb9dfa44c71e127f7b4","state_unchanged":true,"transaction_sha256":"e3b5d178bbe890bcc2d01ed431287ed109a189fa563aa529d8a8707e4db2d5c9"},{"error":"confidential asset membership/link proof failed","label":"signed-substituted-asset","native":{"rejected_transaction":{"reason":"confidential asset membership/link proof failed","status":"rejected","txID":"2RJfnh4A8m9U13axW5d6MwEz6Z6TpH352LxLezUaQ2wstAeckY"}},"state_root":"871df7428dbffc995b86564181ecc9a8cedf65066029cdb9dfa44c71e127f7b4","state_unchanged":true,"transaction_sha256":"bae1fb3578c7dad34ce06fbbbb3134320238538f6988eff8c8d73d61d6fa9754"},{"error":"confidential value link failed","label":"signed-invalid-value-link","native":{"rejected_transaction":{"reason":"confidential value link failed","status":"rejected","txID":"AtZT7fsQmnmrEXdTGfBH4xKTynEWaRsUUaW8s31Cbfsuo2HdJ"}},"state_root":"871df7428dbffc995b86564181ecc9a8cedf65066029cdb9dfa44c71e127f7b4","state_unchanged":true,"transaction_sha256":"16743ef8e18e8b8615b98efa1f5d033ae7ca455ed6ad40d1e059a3831e7b78b0"},{"error":"application fill committee signature is invalid","label":"changed-recipient-ciphertext","native":{"rejected_transaction":{"reason":"application fill committee signature is invalid","status":"rejected","txID":"uDno1yri33WWbGTm8Waj8dfGbn9Ex598thv1W3EYmDdUGioHa"}},"state_root":"871df7428dbffc995b86564181ecc9a8cedf65066029cdb9dfa44c71e127f7b4","state_unchanged":true,"transaction_sha256":"7692b3b70a3eb5c2afc116d3680f583fe0e49ebc84ed90b83011dd019fe31443"},{"error":"application fill endpoint differs from the reservation privacy version","label":"confidential-fill-on-legacy-endpoint","native":{"rejected_transaction":{"reason":"application fill endpoint differs from the reservation privacy version","status":"rejected","txID":"2U5SqNBsqagJXyH9dHfxEVUMX5LTmh5BFNabJ8Fpy2jZXBJqt5"}},"state_root":"871df7428dbffc995b86564181ecc9a8cedf65066029cdb9dfa44c71e127f7b4","state_unchanged":true,"transaction_sha256":"c12d4b4ca535fbaeb484fdee53db1bccbd3d7f2c9ee72a4330395b3ca4e06bb7"},{"error":"transaction CkscUahTL9NaP1fKjbqQy31rJdXyrL8z5mZAfHZXTz62Ge9EC was already applied","label":"fill-replay","native":{"idempotent_existing_receipt":{"afterRoot":"cbb6f1fd4d4f11ec6436417b3d0b2c591b7251d002b37d818d75fc4a1a2f58eb","beforeRoot":"871df7428dbffc995b86564181ecc9a8cedf65066029cdb9dfa44c71e127f7b4","blockID":"qeo2UAEc95eWEpjNhM68K9D6GH7FAYRXRoe6HWqYQu2iCV86f","height":24,"statement":"c00e841dc07db7dad394454f7860d42abcdb6b46db9c1d4338a3455a99f29c70","status":"accepted","txID":"CkscUahTL9NaP1fKjbqQy31rJdXyrL8z5mZAfHZXTz62Ge9EC"}},"state_root":"cbb6f1fd4d4f11ec6436417b3d0b2c591b7251d002b37d818d75fc4a1a2f58eb","state_unchanged":true,"transaction_sha256":"1ab1c42f08920a6bf0ae3a6836bd1b1ce7e93d1360d1ae4ebc612cbeddf21e31"},{"error":"transaction 2bUXWorRngRaNhLafWXFWBTUxSvZ987jBEoda1UyG4yxXndUcK was already applied","label":"claim-replay-183e07845b13e164d04cdfa959247c6d50b7ff211059280aa635b1bf00631ba1","native":{"idempotent_existing_receipt":{"afterRoot":"5262c1b0f29d1c795dcd7e7d8a680196c49f62236b6c0f02663b36bf050709ba","beforeRoot":"cd8a5fe02b92d912f61a39f05b67d83c277457a48cfe2fc7290cd3a202e74a2c","blockID":"2anF8pk2smDDaa8hf719A6qak6MdRNbtRx7dpDBfSvX5BTLn5d","height":29,"statement":"018aaff2cd07ad4167a3f6d7f0e12765fddd40d0f48ab274cb4dcedee7e6082c","status":"accepted","txID":"2bUXWorRngRaNhLafWXFWBTUxSvZ987jBEoda1UyG4yxXndUcK"}},"state_root":"5262c1b0f29d1c795dcd7e7d8a680196c49f62236b6c0f02663b36bf050709ba","state_unchanged":true,"transaction_sha256":"d1f990bb526b8e30aa573032b1c4ddfdf7b75718273776229b40f398d37aae05"},{"error":"transaction 6sjH2RaJQ1Nuz5yatTwXduiJiZKhP8UXhpkEpm5WoQZ7we5iy was already applied","label":"claim-replay-32c82281884c71f4e4868c787567b21738c27dcdf30a2e3a4951626dc678ad05","native":{"idempotent_existing_receipt":{"afterRoot":"416202dae154784150b7159f4c15c48764fe34bf57d6b0eefc1303084f61f4ce","beforeRoot":"5262c1b0f29d1c795dcd7e7d8a680196c49f62236b6c0f02663b36bf050709ba","blockID":"21uEabyeVkRR4x26D4Z5edbLdZAx1xP7KSnqRjCQht7WR13jPi","height":30,"statement":"be56fb0eb820d6f21059e03e01faa8aa9ba07d45f3244898501d354b80fdca62","status":"accepted","txID":"6sjH2RaJQ1Nuz5yatTwXduiJiZKhP8UXhpkEpm5WoQZ7we5iy"}},"state_root":"416202dae154784150b7159f4c15c48764fe34bf57d6b0eefc1303084f61f4ce","state_unchanged":true,"transaction_sha256":"0d56cdf63781dcaaa764120145075923b6b394ac20283729a5ab06d9c25830a9"},{"error":"transaction L9EVUQWL49bjnUN2T3fZCZJsAsPcETaynKcKH1UxR7viWUAdH was already applied","label":"claim-replay-b1bec39cf5ec1dcd0dbebc2ff4db6bc738f13e7b0aaba9b86458f51a3956f6eb","native":{"idempotent_existing_receipt":{"afterRoot":"ca39b8f470d221c33a59144e7760eb25346ad12bee07e2b27b4ad043942f456d","beforeRoot":"416202dae154784150b7159f4c15c48764fe34bf57d6b0eefc1303084f61f4ce","blockID":"2oD1swHtWnVb9YdKvJ21RvjrZHhTbHdoiFRd911ZJ1qX94WjN5","height":31,"statement":"2e342cb464097ce2e5cc03c45bf627b00e2df5e0132a4b55f61e74f8ab206c8d","status":"accepted","txID":"L9EVUQWL49bjnUN2T3fZCZJsAsPcETaynKcKH1UxR7viWUAdH"}},"state_root":"ca39b8f470d221c33a59144e7760eb25346ad12bee07e2b27b4ad043942f456d","state_unchanged":true,"transaction_sha256":"2b76d08bdd07642e8fc0a706518c64c7cca3f4ec91b0462ed10bfbd1270e4a04"},{"error":"transaction 2tYBeitGCb1ezjnD9tcbTvHGjPauNEcZMfqoi4MM8xFDoThCut was already applied","label":"claim-replay-d48d4e152a28680afd10657bbdba21303175cc1f2c24140a2484bec1031a1836","native":{"idempotent_existing_receipt":{"afterRoot":"a069b237b3ca80d609e0d1437fcacb50aa9661f9f4ba5b87364367002bd1f167","beforeRoot":"ca39b8f470d221c33a59144e7760eb25346ad12bee07e2b27b4ad043942f456d","blockID":"2Wehp7NpS1R3MpTRQLTMd7wahxv9i4CJaZUu5jTRvBhLWnRVZ8","height":32,"statement":"f5739a62c07403f0f92ab7f4e7cebfadc2d1c48a3994021f4cdc27163c0b8425","status":"accepted","txID":"2tYBeitGCb1ezjnD9tcbTvHGjPauNEcZMfqoi4MM8xFDoThCut"}},"state_root":"a069b237b3ca80d609e0d1437fcacb50aa9661f9f4ba5b87364367002bd1f167","state_unchanged":true,"transaction_sha256":"f8b7f83cc2ddc8af690b0afd1dc7bda0bf20c96264d1f26135a197afadf7c0b8"},{"error":"transaction 2P7deZuX9u6Q2fRaT1RwzTokWqSoyHkppzPj7JUWViFYeyGvvE was already applied","label":"claim-replay-e0c7d7cacb030f22bf24062f24f9c729145fd9c7a6e8273f875170021430aad1","native":{"idempotent_existing_receipt":{"afterRoot":"9e811f3bd04c5c9fb6e9da8bece795714d95cae7c77350a309915640692620a6","beforeRoot":"a069b237b3ca80d609e0d1437fcacb50aa9661f9f4ba5b87364367002bd1f167","blockID":"2Gsp6J1wVsrTekYyyVfvGmfS59ukqbVYzWvFFvTsDc21Aaupto","height":33,"statement":"b4c31ebb994dc4041c839aa9417c1258c58a2dc785c41ea89f9fefd762342dce","status":"accepted","txID":"2P7deZuX9u6Q2fRaT1RwzTokWqSoyHkppzPj7JUWViFYeyGvvE"}},"state_root":"9e811f3bd04c5c9fb6e9da8bece795714d95cae7c77350a309915640692620a6","state_unchanged":true,"transaction_sha256":"b5e8cf6b5c910b65f8c20fda5321046126ea5c3da51e46c5411969847fba8169"},{"error":"transaction 2vQJGmgngvZXFVUx6UC9eZ5srLmYSHkh7U9N5uhV3iv3DpGg3V was already applied","label":"claim-replay-ed5226606bf3e19dd6ab89dc0bbdcf78027690c413128d5bae19fd12947b3201","native":{"idempotent_existing_receipt":{"afterRoot":"18d0bb546dededbcad7c9430d154dbfc9ab61b76a966983de968234c44232320","beforeRoot":"9e811f3bd04c5c9fb6e9da8bece795714d95cae7c77350a309915640692620a6","blockID":"8PKxrzrNUTRDkach3A1keJWEoSUsTutg5S9Mp9Crhxeygm8PZ","height":34,"statement":"6d8ec7668d3cbd8d26cddfb40fe38a4336c51002dae2a5861d7fb6d97dd79649","status":"accepted","txID":"2vQJGmgngvZXFVUx6UC9eZ5srLmYSHkh7U9N5uhV3iv3DpGg3V"}},"state_root":"18d0bb546dededbcad7c9430d154dbfc9ab61b76a966983de968234c44232320","state_unchanged":true,"transaction_sha256":"fcf37efac763f445e9a753c2548f7713b91b09df680256af47502e223662a7e5"},{"error":"confidential input is locked or already spent","label":"spent-nullifier-fresh-approval","native":{"rejected_transaction":{"reason":"confidential input is locked or already spent","status":"rejected","txID":"WLvSCsb3WkN99UV4prS9UXiKe7tZpJoaiYoMfYbk9i4NLbSJB"}},"state_root":"5ce08e21335e450f33f0980154388b339dd895e532b1804245b2dd337a205122","state_unchanged":true,"transaction_sha256":"42a0c0a17a3eb153b8ce290701717eb886f0594ded775d29d06ef84b10f08edf"}],"root":"5ce08e21335e450f33f0980154388b339dd895e532b1804245b2dd337a205122","unfilled_return_balances":[25,25],"verdict":"smoke_only","zero_asset_identified":true}
